INFO 2026-04-21 19:00:44,393 email Попытка отправки уведомления для обращения #15. Получатель: noreply@corp-lis.ru, Тема: Новое обращение с формы контактов
INFO 2026-04-21 19:00:44,396 email Уведомление успешно отправлено для обращения #15
ERROR 2026-04-22 21:50:47,968 views 92 137548648146624 Ошибка при сохранении обращения: column "ip_address" of relation "contact_messages" does not exist
LINE 1: ...me", "phone", "email", "message", "is_processed", "ip_addres...
                                                             ^

INFO 2026-04-22 21:59:54,555 email 92 137548639753920 Попытка отправки уведомления для обращения #19. Получатель: noreply@corp-lis.ru, Тема: Новое обращение с формы контактов
INFO 2026-04-22 21:59:54,564 email 92 137548639753920 Уведомление успешно отправлено для обращения #19
ERROR 2026-04-22 21:59:54,565 views 92 137548639753920 Ошибка при сохранении обращения: 'contacts' is not a registered namespace
INFO 2026-04-22 22:00:38,241 email 92 137548648146624 Попытка отправки уведомления для обращения #20. Получатель: noreply@corp-lis.ru, Тема: Новое обращение с формы контактов
INFO 2026-04-22 22:00:38,243 email 92 137548648146624 Уведомление успешно отправлено для обращения #20
ERROR 2026-04-22 22:00:38,244 views 92 137548648146624 Ошибка при сохранении обращения: 'contacts' is not a registered namespace
INFO 2026-04-22 22:00:56,952 email 92 137548639753920 Попытка отправки уведомления для обращения #21. Получатель: noreply@corp-lis.ru, Тема: Новое обращение с формы контактов
INFO 2026-04-22 22:00:56,954 email 92 137548639753920 Уведомление успешно отправлено для обращения #21
ERROR 2026-04-22 22:00:56,955 views 92 137548639753920 Ошибка при сохранении обращения: 'contacts' is not a registered namespace
INFO 2026-04-22 22:00:59,032 email 92 137548639753920 Попытка отправки уведомления для обращения #22. Получатель: noreply@corp-lis.ru, Тема: Новое обращение с формы контактов
INFO 2026-04-22 22:00:59,033 email 92 137548639753920 Уведомление успешно отправлено для обращения #22
ERROR 2026-04-22 22:00:59,034 views 92 137548639753920 Ошибка при сохранении обращения: 'contacts' is not a registered namespace
INFO 2026-04-22 22:01:01,393 email 92 137548639753920 Попытка отправки уведомления для обращения #23. Получатель: noreply@corp-lis.ru, Тема: Новое обращение с формы контактов
INFO 2026-04-22 22:01:01,394 email 92 137548639753920 Уведомление успешно отправлено для обращения #23
ERROR 2026-04-22 22:01:01,395 views 92 137548639753920 Ошибка при сохранении обращения: 'contacts' is not a registered namespace
INFO 2026-04-22 22:01:03,114 email 92 137548639753920 Попытка отправки уведомления для обращения #24. Получатель: noreply@corp-lis.ru, Тема: Новое обращение с формы контактов
INFO 2026-04-22 22:01:03,115 email 92 137548639753920 Уведомление успешно отправлено для обращения #24
ERROR 2026-04-22 22:01:03,116 views 92 137548639753920 Ошибка при сохранении обращения: 'contacts' is not a registered namespace
INFO 2026-04-22 22:01:04,851 email 92 137548639753920 Попытка отправки уведомления для обращения #25. Получатель: noreply@corp-lis.ru, Тема: Новое обращение с формы контактов
INFO 2026-04-22 22:01:04,853 email 92 137548639753920 Уведомление успешно отправлено для обращения #25
ERROR 2026-04-22 22:01:04,854 views 92 137548639753920 Ошибка при сохранении обращения: 'contacts' is not a registered namespace
INFO 2026-04-22 22:02:34,069 email 92 137548639753920 Попытка отправки уведомления для обращения #26. Получатель: noreply@corp-lis.ru, Тема: Новое обращение с формы контактов
INFO 2026-04-22 22:02:34,071 email 92 137548639753920 Уведомление успешно отправлено для обращения #26
ERROR 2026-04-22 22:02:34,072 views 92 137548639753920 Ошибка при сохранении обращения: 'contacts' is not a registered namespace
INFO 2026-04-22 22:04:11,363 email 92 137548639753920 Попытка отправки уведомления для обращения #27. Получатель: noreply@corp-lis.ru, Тема: Новое обращение с формы контактов
INFO 2026-04-22 22:04:11,365 email 92 137548639753920 Уведомление успешно отправлено для обращения #27
ERROR 2026-04-22 22:04:11,366 views 92 137548639753920 Ошибка при сохранении обращения: 'contacts' is not a registered namespace
INFO 2026-04-22 22:11:36,511 email 92 137548639753920 Попытка отправки уведомления для обращения #28. Получатель: noreply@corp-lis.ru, Тема: Новое обращение с формы контактов
INFO 2026-04-22 22:11:36,513 email 92 137548639753920 Уведомление успешно отправлено для обращения #28
ERROR 2026-04-22 22:11:36,514 views 92 137548639753920 Ошибка при сохранении обращения: 'contacts' is not a registered namespace
INFO 2026-04-22 22:11:53,418 email 92 137548639753920 Попытка отправки уведомления для обращения #29. Получатель: noreply@corp-lis.ru, Тема: Новое обращение с формы контактов
INFO 2026-04-22 22:11:53,420 email 92 137548639753920 Уведомление успешно отправлено для обращения #29
ERROR 2026-04-22 22:11:53,421 views 92 137548639753920 Ошибка при сохранении обращения: 'contacts' is not a registered namespace
INFO 2026-04-28 20:28:56,818 email 183 131660371715776 Попытка отправки уведомления для обращения #30. Получатель: noreply@corp-lis.ru, Тема: Новое обращение с формы контактов
INFO 2026-04-28 20:28:56,828 email 183 131660371715776 Уведомление успешно отправлено для обращения #30
